Building DAG of jobs...
Using shell: /usr/bin/bash
Provided cores: 10
Rules claiming more threads will be scaled down.
Job stats:
job          count
---------  -------
save_data        1
total            1

Select jobs to execute...
Execute 1 jobs...

[Tue Nov 12 10:28:37 2024]
localrule save_data:
    output: /projects/caeg/data/pmp/FakeCountry/FakeCore/data.csv
    jobid: 12752
    reason: Missing output files: /projects/caeg/data/pmp/FakeCountry/FakeCore/data.csv
    wildcards: outdir=/projects/caeg/data/pmp/FakeCountry/FakeCore
    resources: tmpdir=/tmp

[Tue Nov 12 10:28:44 2024]
Finished job 12752.
1 of 12819 steps (0.0%) done
Complete log: .snakemake/log/2024-11-12T102828.339555.snakemake.log
