Building DAG of jobs...
Using shell: /bin/bash
Provided cores: 20
Rules claiming more threads will be scaled down.
Job stats:
job                   count
------------------  -------
all                       1
filterbam                10
filterbam_getstats        9
generate_report           1
merge_bams                9
metadmg_aggregate         9
metadmg_dfit              9
metadmg_lca               9
reassign                 10
save_data                 1
sort_bam                  9
total                    77

Select jobs to execute...
Execute 2 jobs...

[Mon Nov 11 11:43:58 2024]
localrule reassign:
    input: /projects/caeg/data/production/CGG3/0189/CGG3018933/20240209_BH37VJDSX7_LV7008955908/results/align/merge_alns/CGG3018933_LV7008955908_collapsed.bam
    output: /projects/caeg/data/pmp/FakeCountry/FakeCore/library/bamfilter/CGG3018933_LV7008955908.reassign.bam
    jobid: 34
    reason: Missing output files: /projects/caeg/data/pmp/FakeCountry/FakeCore/library/bamfilter/CGG3018933_LV7008955908.reassign.bam
    wildcards: outdir=/projects/caeg/data/pmp/FakeCountry/FakeCore, filebase=CGG3018933_LV7008955908
    threads: 10
    resources: tmpdir=/tmp


        filterBAM reassign --threads 10 --bam /projects/caeg/data/production/CGG3/0189/CGG3018933/20240209_BH37VJDSX7_LV7008955908/results/align/merge_alns/CGG3018933_LV7008955908_collapsed.bam --tmp-dir tmp/ --out-bam /projects/caeg/data/pmp/FakeCountry/FakeCore/library/bamfilter/CGG3018933_LV7008955908.reassign.bam --iters 0 --min-read-ani 94 --min-read-count 3
        

[Mon Nov 11 11:43:58 2024]
localrule reassign:
    input: /projects/caeg/data/production/CGG3/0110/CGG3011035/20221209_HYMCFDSX3_LV7001886262/results/align/merge_alns/CGG3011035_LV7001886262_collapsed.bam
    output: /projects/caeg/data/pmp/FakeCountry/FakeCore/library/bamfilter/CGG3011035_LV7001886262.reassign.bam
    jobid: 57
    reason: Missing output files: /projects/caeg/data/pmp/FakeCountry/FakeCore/library/bamfilter/CGG3011035_LV7001886262.reassign.bam
    wildcards: outdir=/projects/caeg/data/pmp/FakeCountry/FakeCore, filebase=CGG3011035_LV7001886262
    threads: 10
    resources: tmpdir=/tmp


        filterBAM reassign --threads 10 --bam /projects/caeg/data/production/CGG3/0110/CGG3011035/20221209_HYMCFDSX3_LV7001886262/results/align/merge_alns/CGG3011035_LV7001886262_collapsed.bam --tmp-dir tmp/ --out-bam /projects/caeg/data/pmp/FakeCountry/FakeCore/library/bamfilter/CGG3011035_LV7001886262.reassign.bam --iters 0 --min-read-ani 94 --min-read-count 3
        
[Mon Nov 11 11:45:10 2024]
Error in rule reassign:
    jobid: 57
    input: /projects/caeg/data/production/CGG3/0110/CGG3011035/20221209_HYMCFDSX3_LV7001886262/results/align/merge_alns/CGG3011035_LV7001886262_collapsed.bam
    output: /projects/caeg/data/pmp/FakeCountry/FakeCore/library/bamfilter/CGG3011035_LV7001886262.reassign.bam
    shell:
        
        filterBAM reassign --threads 10 --bam /projects/caeg/data/production/CGG3/0110/CGG3011035/20221209_HYMCFDSX3_LV7001886262/results/align/merge_alns/CGG3011035_LV7001886262_collapsed.bam --tmp-dir tmp/ --out-bam /projects/caeg/data/pmp/FakeCountry/FakeCore/library/bamfilter/CGG3011035_LV7001886262.reassign.bam --iters 0 --min-read-ani 94 --min-read-count 3
        
        (one of the commands exited with non-zero exit code; note that snakemake uses bash strict mode!)

Terminating processes on user request, this might take some time.
