Building DAG of jobs...
Using shell: /usr/bin/bash
Provided cores: 10
Rules claiming more threads will be scaled down.
Job stats:
job          count
---------  -------
save_data       66
total           66

Select jobs to execute...
Execute 10 jobs...

[Mon Nov 11 13:57:32 2024]
localrule save_data:
    output: /projects/caeg/data/pmp/Iceland/isl23x59.6m/data.csv
    jobid: 4048
    reason: Code has changed since last execution
    wildcards: outdir=/projects/caeg/data/pmp/Iceland/isl23x59.6m
    resources: tmpdir=/tmp


[Mon Nov 11 13:57:32 2024]
localrule save_data:
    output: /projects/caeg/data/pmp/Iceland/isl2226a/data.csv
    jobid: 4000
    reason: Code has changed since last execution
    wildcards: outdir=/projects/caeg/data/pmp/Iceland/isl2226a
    resources: tmpdir=/tmp


[Mon Nov 11 13:57:32 2024]
localrule save_data:
    output: /projects/caeg/data/pmp/Iceland/isl22x49.1/data.csv
    jobid: 4098
    reason: Code has changed since last execution
    wildcards: outdir=/projects/caeg/data/pmp/Iceland/isl22x49.1
    resources: tmpdir=/tmp


[Mon Nov 11 13:57:32 2024]
localrule save_data:
    output: /projects/caeg/data/pmp/Iceland/isl2238.2/data.csv
    jobid: 4038
    reason: Code has changed since last execution
    wildcards: outdir=/projects/caeg/data/pmp/Iceland/isl2238.2
    resources: tmpdir=/tmp


[Mon Nov 11 13:57:32 2024]
localrule save_data:
    output: /projects/caeg/data/pmp/Iceland/isl2255m/data.csv
    jobid: 4058
    reason: Code has changed since last execution
    wildcards: outdir=/projects/caeg/data/pmp/Iceland/isl2255m
    resources: tmpdir=/tmp


[Mon Nov 11 13:57:32 2024]
localrule save_data:
    output: /projects/caeg/data/pmp/Iceland/isl23x59.5m/data.csv
    jobid: 4044
    reason: Code has changed since last execution
    wildcards: outdir=/projects/caeg/data/pmp/Iceland/isl23x59.5m
    resources: tmpdir=/tmp


[Mon Nov 11 13:57:32 2024]
localrule save_data:
    output: /projects/caeg/data/pmp/Cambodia/CAM2208M/data.csv
    jobid: 3996
    reason: Code has changed since last execution
    wildcards: outdir=/projects/caeg/data/pmp/Cambodia/CAM2208M
    resources: tmpdir=/tmp


[Mon Nov 11 13:57:32 2024]
localrule save_data:
    output: /projects/caeg/data/pmp/Iceland/isl2229/data.csv
    jobid: 4008
    reason: Code has changed since last execution
    wildcards: outdir=/projects/caeg/data/pmp/Iceland/isl2229
    resources: tmpdir=/tmp


[Mon Nov 11 13:57:32 2024]
localrule save_data:
    output: /projects/caeg/data/pmp/Iceland/isl22x35.6/data.csv
    jobid: 4076
    reason: Code has changed since last execution
    wildcards: outdir=/projects/caeg/data/pmp/Iceland/isl22x35.6
    resources: tmpdir=/tmp


[Mon Nov 11 13:57:32 2024]
localrule save_data:
    output: /projects/caeg/data/pmp/Iceland/isl2005m/data.csv
    jobid: 4078
    reason: Code has changed since last execution
    wildcards: outdir=/projects/caeg/data/pmp/Iceland/isl2005m
    resources: tmpdir=/tmp

[Mon Nov 11 13:57:42 2024]
[Mon Nov 11 13:57:42 2024]
Error in rule save_data:
    jobid: 4058
    output: /projects/caeg/data/pmp/Iceland/isl2255m/data.csv

Error in rule save_data:
    jobid: 3996
    output: /projects/caeg/data/pmp/Cambodia/CAM2208M/data.csv

[Mon Nov 11 13:57:42 2024]
Error in rule save_data:
    jobid: 4008
    output: /projects/caeg/data/pmp/Iceland/isl2229/data.csv

[Mon Nov 11 13:57:42 2024]
Error in rule save_data:
    jobid: 4098
    output: /projects/caeg/data/pmp/Iceland/isl22x49.1/data.csv

[Mon Nov 11 13:57:42 2024]
Error in rule save_data:
    jobid: 4044
    output: /projects/caeg/data/pmp/Iceland/isl23x59.5m/data.csv

[Mon Nov 11 13:57:42 2024]
Error in rule save_data:
    jobid: 4076
    output: /projects/caeg/data/pmp/Iceland/isl22x35.6/data.csv

[Mon Nov 11 13:57:42 2024]
Error in rule save_data:
    jobid: 4038
    output: /projects/caeg/data/pmp/Iceland/isl2238.2/data.csv

[Mon Nov 11 13:57:42 2024]
Error in rule save_data:
    jobid: 4078
    output: /projects/caeg/data/pmp/Iceland/isl2005m/data.csv

[Mon Nov 11 13:57:42 2024]
Error in rule save_data:
    jobid: 4048
    output: /projects/caeg/data/pmp/Iceland/isl23x59.6m/data.csv

[Mon Nov 11 13:57:42 2024]
Error in rule save_data:
    jobid: 4000
    output: /projects/caeg/data/pmp/Iceland/isl2226a/data.csv

Shutting down, this might take some time.
Exiting because a job execution failed. Look above for error message
Complete log: .snakemake/log/2024-11-11T135728.220527.snakemake.log
WorkflowError:
At least one job did not complete successfully.
